[debug] [2025-08-09T16:14:14.761Z] ----------------------------------------------------------------------
[debug] [2025-08-09T16:14:14.763Z] Command:       /Users/indrakantmishra/.nvm/versions/node/v22.17.0/bin/node /usr/local/bin/firebase init
[debug] [2025-08-09T16:14:14.763Z] CLI Version:   11.13.0
[debug] [2025-08-09T16:14:14.763Z] Platform:      darwin
[debug] [2025-08-09T16:14:14.763Z] Node Version:  v22.17.0
[debug] [2025-08-09T16:14:14.763Z] Time:          Sat Aug 09 2025 21:44:14 GMT+0530 (India Standard Time)
[debug] [2025-08-09T16:14:14.763Z] ----------------------------------------------------------------------
[debug] 
[debug] [2025-08-09T16:14:14.766Z] > command requires scopes: ["email","openid","https://www.googleapis.com/auth/cloudplatformprojects.readonly","https://www.googleapis.com/auth/firebase","https://www.googleapis.com/auth/cloud-platform"]
[debug] [2025-08-09T16:14:14.767Z] > authorizing via signed-in user (indrakantm23@gmail.com)
[info] 
     ######## #### ########  ######## ########     ###     ######  ########
     ##        ##  ##     ## ##       ##     ##  ##   ##  ##       ##
     ######    ##  ########  ######   ########  #########  ######  ######
     ##        ##  ##    ##  ##       ##     ## ##     ##       ## ##
     ##       #### ##     ## ######## ########  ##     ##  ######  ########

You're about to initialize a Firebase project in this directory:

  /Users/indrakantmishra/Desktop/profile

[info] 
=== Project Setup
[info] 
[info] First, let's associate this project directory with a Firebase project.
[info] You can create multiple project aliases by running firebase use --add, 
[info] but for now we'll just set up a default project.
[info] 
[debug] [2025-08-09T16:14:23.750Z] > refreshing access token with scopes: []
[debug] [2025-08-09T16:14:23.752Z] >>> [apiv2][query] POST https://www.googleapis.com/oauth2/v3/token [none]
[debug] [2025-08-09T16:14:23.753Z] >>> [apiv2][body] POST https://www.googleapis.com/oauth2/v3/token [omitted]
[debug] [2025-08-09T16:14:23.957Z] <<< [apiv2][status] POST https://www.googleapis.com/oauth2/v3/token 400
[debug] [2025-08-09T16:14:23.957Z] <<< [apiv2][body] POST https://www.googleapis.com/oauth2/v3/token [omitted]
[debug] [2025-08-09T16:14:23.957Z] >>> [apiv2][query] GET https://firebase.googleapis.com/v1beta1/projects pageSize=100
[debug] [2025-08-09T16:14:25.447Z] <<< [apiv2][status] GET https://firebase.googleapis.com/v1beta1/projects 401
[debug] [2025-08-09T16:14:25.448Z] <<< [apiv2][body] GET https://firebase.googleapis.com/v1beta1/projects [omitted]
[debug] [2025-08-09T16:14:25.449Z] HTTP Error: 401, Request had invalid authentication credentials. Expected OAuth 2 access token, login cookie or other valid authentication credential. See https://developers.google.com/identity/sign-in/web/devconsole-project.
[debug] [2025-08-09T16:14:25.591Z] FirebaseError: HTTP Error: 401, Request had invalid authentication credentials. Expected OAuth 2 access token, login cookie or other valid authentication credential. See https://developers.google.com/identity/sign-in/web/devconsole-project.
    at responseToError (/usr/local/lib/node_modules/firebase-tools/lib/responseToError.js:49:12)
    at RetryOperation._fn (/usr/local/lib/node_modules/firebase-tools/lib/apiv2.js:288:77)
    at process.processTicksAndRejections (node:internal/process/task_queues:105:5)
[error] 
[error] Error: Failed to list Firebase projects. See firebase-debug.log for more info.
[debug] [2025-08-09T16:15:16.083Z] ----------------------------------------------------------------------
[debug] [2025-08-09T16:15:16.085Z] Command:       /Users/indrakantmishra/.nvm/versions/node/v22.17.0/bin/node /usr/local/bin/firebase init
[debug] [2025-08-09T16:15:16.085Z] CLI Version:   11.13.0
[debug] [2025-08-09T16:15:16.085Z] Platform:      darwin
[debug] [2025-08-09T16:15:16.085Z] Node Version:  v22.17.0
[debug] [2025-08-09T16:15:16.085Z] Time:          Sat Aug 09 2025 21:45:16 GMT+0530 (India Standard Time)
[debug] [2025-08-09T16:15:16.086Z] ----------------------------------------------------------------------
[debug] 
[debug] [2025-08-09T16:15:16.088Z] > command requires scopes: ["email","openid","https://www.googleapis.com/auth/cloudplatformprojects.readonly","https://www.googleapis.com/auth/firebase","https://www.googleapis.com/auth/cloud-platform"]
[debug] [2025-08-09T16:15:16.088Z] > authorizing via signed-in user (indrakantm23@gmail.com)
[info] 
     ######## #### ########  ######## ########     ###     ######  ########
     ##        ##  ##     ## ##       ##     ##  ##   ##  ##       ##
     ######    ##  ########  ######   ########  #########  ######  ######
     ##        ##  ##    ##  ##       ##     ## ##     ##       ## ##
     ##       #### ##     ## ######## ########  ##     ##  ######  ########

You're about to initialize a Firebase project in this directory:

  /Users/indrakantmishra/Desktop/profile

[info] 
=== Project Setup
[info] 
[info] First, let's associate this project directory with a Firebase project.
[info] You can create multiple project aliases by running firebase use --add, 
[info] but for now we'll just set up a default project.
[info] 
[debug] [2025-08-09T16:15:41.767Z] > refreshing access token with scopes: []
[debug] [2025-08-09T16:15:41.770Z] >>> [apiv2][query] POST https://www.googleapis.com/oauth2/v3/token [none]
[debug] [2025-08-09T16:15:41.771Z] >>> [apiv2][body] POST https://www.googleapis.com/oauth2/v3/token [omitted]
[debug] [2025-08-09T16:15:41.967Z] <<< [apiv2][status] POST https://www.googleapis.com/oauth2/v3/token 400
[debug] [2025-08-09T16:15:41.967Z] <<< [apiv2][body] POST https://www.googleapis.com/oauth2/v3/token [omitted]
[debug] [2025-08-09T16:15:41.967Z] >>> [apiv2][query] GET https://firebase.googleapis.com/v1beta1/projects pageSize=100
[debug] [2025-08-09T16:15:43.452Z] <<< [apiv2][status] GET https://firebase.googleapis.com/v1beta1/projects 401
[debug] [2025-08-09T16:15:43.452Z] <<< [apiv2][body] GET https://firebase.googleapis.com/v1beta1/projects [omitted]
[debug] [2025-08-09T16:15:43.453Z] HTTP Error: 401, Request had invalid authentication credentials. Expected OAuth 2 access token, login cookie or other valid authentication credential. See https://developers.google.com/identity/sign-in/web/devconsole-project.
[debug] [2025-08-09T16:15:43.578Z] FirebaseError: HTTP Error: 401, Request had invalid authentication credentials. Expected OAuth 2 access token, login cookie or other valid authentication credential. See https://developers.google.com/identity/sign-in/web/devconsole-project.
    at responseToError (/usr/local/lib/node_modules/firebase-tools/lib/responseToError.js:49:12)
    at RetryOperation._fn (/usr/local/lib/node_modules/firebase-tools/lib/apiv2.js:288:77)
    at process.processTicksAndRejections (node:internal/process/task_queues:105:5)
[error] 
[error] Error: Failed to list Firebase projects. See firebase-debug.log for more info.
[debug] [2025-08-09T16:19:06.541Z] ----------------------------------------------------------------------
[debug] [2025-08-09T16:19:06.542Z] Command:       /Users/indrakantmishra/.nvm/versions/node/v22.17.0/bin/node /usr/local/bin/firebase init
[debug] [2025-08-09T16:19:06.542Z] CLI Version:   11.13.0
[debug] [2025-08-09T16:19:06.543Z] Platform:      darwin
[debug] [2025-08-09T16:19:06.543Z] Node Version:  v22.17.0
[debug] [2025-08-09T16:19:06.543Z] Time:          Sat Aug 09 2025 21:49:06 GMT+0530 (India Standard Time)
[debug] [2025-08-09T16:19:06.543Z] ----------------------------------------------------------------------
[debug] 
[debug] [2025-08-09T16:19:06.546Z] > command requires scopes: ["email","openid","https://www.googleapis.com/auth/cloudplatformprojects.readonly","https://www.googleapis.com/auth/firebase","https://www.googleapis.com/auth/cloud-platform"]
[debug] [2025-08-09T16:19:06.546Z] > authorizing via signed-in user (indrakantm23@gmail.com)
[info] 
     ######## #### ########  ######## ########     ###     ######  ########
     ##        ##  ##     ## ##       ##     ##  ##   ##  ##       ##
     ######    ##  ########  ######   ########  #########  ######  ######
     ##        ##  ##    ##  ##       ##     ## ##     ##       ## ##
     ##       #### ##     ## ######## ########  ##     ##  ######  ########

You're about to initialize a Firebase project in this directory:

  /Users/indrakantmishra/Desktop/profile

[info] 
=== Project Setup
[info] 
[info] First, let's associate this project directory with a Firebase project.
[info] You can create multiple project aliases by running firebase use --add, 
[info] but for now we'll just set up a default project.
[info] 
[debug] [2025-08-09T16:19:19.280Z] > refreshing access token with scopes: []
[debug] [2025-08-09T16:19:19.282Z] >>> [apiv2][query] POST https://www.googleapis.com/oauth2/v3/token [none]
[debug] [2025-08-09T16:19:19.282Z] >>> [apiv2][body] POST https://www.googleapis.com/oauth2/v3/token [omitted]
[debug] [2025-08-09T16:19:19.480Z] <<< [apiv2][status] POST https://www.googleapis.com/oauth2/v3/token 400
[debug] [2025-08-09T16:19:19.481Z] <<< [apiv2][body] POST https://www.googleapis.com/oauth2/v3/token [omitted]
[debug] [2025-08-09T16:19:19.481Z] >>> [apiv2][query] GET https://firebase.googleapis.com/v1beta1/projects pageSize=100
[debug] [2025-08-09T16:19:19.658Z] <<< [apiv2][status] GET https://firebase.googleapis.com/v1beta1/projects 401
[debug] [2025-08-09T16:19:19.659Z] <<< [apiv2][body] GET https://firebase.googleapis.com/v1beta1/projects [omitted]
[debug] [2025-08-09T16:19:19.660Z] HTTP Error: 401, Request had invalid authentication credentials. Expected OAuth 2 access token, login cookie or other valid authentication credential. See https://developers.google.com/identity/sign-in/web/devconsole-project.
[debug] [2025-08-09T16:19:19.787Z] FirebaseError: HTTP Error: 401, Request had invalid authentication credentials. Expected OAuth 2 access token, login cookie or other valid authentication credential. See https://developers.google.com/identity/sign-in/web/devconsole-project.
    at responseToError (/usr/local/lib/node_modules/firebase-tools/lib/responseToError.js:49:12)
    at RetryOperation._fn (/usr/local/lib/node_modules/firebase-tools/lib/apiv2.js:288:77)
    at process.processTicksAndRejections (node:internal/process/task_queues:105:5)
[error] 
[error] Error: Failed to list Firebase projects. See firebase-debug.log for more info.
